2023-02-28 20:18:35,973 ThreadPoolExecutor-0_0 filter_movies filter_bad_index_title :: [INFO] Index title 'blade runner 1982 the final cut proper 2160p bluray remux hevc dts-hd ma truehd 7 1 atmos-fgt' does NOT contain bad title keyword(s) '['3d', 'cam', 'hdcam', 'camrip', 'iptv', 'hqcam', 'hdts', 'hdtc', 'hc', 'ts', 'telesync', 'screener', 'mostbet', 'xxx', 'subbed', 'german', 'foreign', 'danish', 'french', 'spanish', 'dutch', 'portuguese', 'portugues', 'ger', 'fre', 'ita', 'spa', 'lpcm', 'hindi', 'nlsubs', 'xvid', 'divx', 'japanese', 'ads included', 'multi']'
2023-02-28 20:18:35,974 ThreadPoolExecutor-0_0 filter_movies filter_bad_movie_title :: [INFO] Index title 'bladerunner (1982)' NOT found in bad movie list
2023-02-28 20:18:35,974 ThreadPoolExecutor-0_0 filter_movies filter_seeders :: [INFO] Index seeders '55' equal to/above minimum seeders threshold '1'
2023-02-28 20:18:35,974 ThreadPoolExecutor-0_0 filter_movies filter_downloaded :: [DEBUG] Index title compare is 'bladerunner'
2023-02-28 20:18:35,974 ThreadPoolExecutor-0_0 filter_movies filter_downloaded :: [DEBUG] Index year compare is '1982'
2023-02-28 20:18:35,979 ThreadPoolExecutor-0_0 filter_movies filter_downloaded :: [WARNING] Index title 'Blade.Runner.1982.The.Final.Cut.PROPER.2160p.BluRay.REMUX.HEVC.DTS-HD.MA.TrueHD.7.1.Atmos-FGT' already exists in library file 'Blade.Runner.The.Final.Cut.1982.1080p.BluRay.x264-HDEncX.mkv', skipping movie
2023-02-28 20:18:35,979 ThreadPoolExecutor-0_0 filter_movies filter_index_movies :: [DEBUG] Index title 'Blade.Runner.1982.The.Final.Cut.PROPER.2160p.BluRay.REMUX.HEVC.DTS-HD.MA.TrueHD.7.1.Atmos-FGT' failed filter 'filter_downloaded'
2023-02-28 20:18:35,979 ThreadPoolExecutor-0_0 index_proxy jackett :: [INFO] Starting processing index title 'Back.to.the.Future.Part.III.1990.PROPER.2160p.BluRay.REMUX.HEVC.DTS-HD.MA.TrueHD.7.1.Atmos-FGT'...
2023-02-28 20:18:35,979 ThreadPoolExecutor-0_0 tools_various get_title_and_year_from_index_title :: [INFO] Index title is 'Back.to.the.Future.Part.III.1990.PROPER.2160p.BluRay.REMUX.HEVC.DTS-HD.MA.TrueHD.7.1.Atmos-FGT'
2023-02-28 20:18:35,979 ThreadPoolExecutor-0_0 tools_various get_title_and_year_from_index_title :: [INFO] Index title compare is 'backtothefuturepartiii'
2023-02-28 20:18:35,980 ThreadPoolExecutor-0_0 tools_various get_title_and_year_from_index_title :: [INFO] Index title search is 'Back to the Future Part III'
2023-02-28 20:18:35,980 ThreadPoolExecutor-0_0 tools_various get_title_and_year_from_index_title :: [INFO] Index year compare is '1990'
2023-02-28 20:18:35,980 ThreadPoolExecutor-0_0 index_proxy jackett :: [INFO] Filtering movie based on index details...
2023-02-28 20:18:35,980 ThreadPoolExecutor-0_0 filter_movies filter_size :: [INFO] Index size '78913' (MB) is within minimum size threshold '30000' (MB)
2023-02-28 20:18:35,980 ThreadPoolExecutor-0_0 filter_movies filter_size :: [INFO] Index size '78913' (MB) is within maximum size threshold '170000' (MB)
2023-02-28 20:18:35,980 ThreadPoolExecutor-0_0 filter_movies filter_bad_index_title :: [DEBUG] Index title for bad keyword comparison is 'back to the future part iii 1990 proper 2160p bluray remux hevc dts-hd ma truehd 7 1 atmos-fgt'
2023-02-28 20:18:35,980 ThreadPoolExecutor-0_0 filter_movies filter_bad_index_title :: [INFO] Index title 'back to the future part iii 1990 proper 2160p bluray remux hevc dts-hd ma truehd 7 1 atmos-fgt' does NOT contain bad title keyword(s) '['3d', 'cam', 'hdcam', 'camrip', 'iptv', 'hqcam', 'hdts', 'hdtc', 'hc', 'ts', 'telesync', 'screener', 'mostbet', 'xxx', 'subbed', 'german', 'foreign', 'danish', 'french', 'spanish', 'dutch', 'portuguese', 'portugues', 'ger', 'fre', 'ita', 'spa', 'lpcm', 'hindi', 'nlsubs', 'xvid', 'divx', 'japanese', 'ads included', 'multi']'
2023-02-28 20:18:35,980 ThreadPoolExecutor-0_0 filter_movies filter_bad_movie_title :: [INFO] Index title 'backtothefuturepartiii (1990)' NOT found in bad movie list
2023-02-28 20:18:35,981 ThreadPoolExecutor-0_0 filter_movies filter_seeders :: [INFO] Index seeders '54' equal to/above minimum seeders threshold '1'
2023-02-28 20:18:35,981 ThreadPoolExecutor-0_0 filter_movies filter_downloaded :: [DEBUG] Index title compare is 'backtothefuturepartiii'
2023-02-28 20:18:35,981 ThreadPoolExecutor-0_0 filter_movies filter_downloaded :: [DEBUG] Index year compare is '1990'
2023-02-28 20:18:35,989 ThreadPoolExecutor-0_0 filter_movies filter_downloaded :: [WARNING] Index title 'Back.to.the.Future.Part.III.1990.PROPER.2160p.BluRay.REMUX.HEVC.DTS-HD.MA.TrueHD.7.1.Atmos-FGT' already exists in library directory 'Back to the Future Part III (1990)', skipping movie
2023-02-28 20:18:35,989 ThreadPoolExecutor-0_0 filter_movies filter_index_movies :: [DEBUG] Index title 'Back.to.the.Future.Part.III.1990.PROPER.2160p.BluRay.REMUX.HEVC.DTS-HD.MA.TrueHD.7.1.Atmos-FGT' failed filter 'filter_downloaded'
2023-02-28 20:18:35,989 ThreadPoolExecutor-0_0 index_proxy jackett :: [INFO] Starting processing index title 'Back.to.the.Future.Part.II.1989.PROPER.2160p.BluRay.REMUX.HEVC.DTS-HD.MA.TrueHD.7.1.Atmos-FGT'...
2023-02-28 20:18:35,989 ThreadPoolExecutor-0_0 tools_various get_title_and_year_from_index_title :: [INFO] Index title is 'Back.to.the.Future.Part.II.1989.PROPER.2160p.BluRay.REMUX.HEVC.DTS-HD.MA.TrueHD.7.1.Atmos-FGT'
2023-02-28 20:18:35,989 ThreadPoolExecutor-0_0 tools_various get_title_and_year_from_index_title :: [INFO] Index title compare is 'backtothefuturepartii'
2023-02-28 20:18:35,990 ThreadPoolExecutor-0_0 tools_various get_title_and_year_from_index_title :: [INFO] Index title search is 'Back to the Future Part II'
2023-02-28 20:18:35,990 ThreadPoolExecutor-0_0 tools_various get_title_and_year_from_index_title :: [INFO] Index year compare is '1989'
2023-02-28 20:18:35,990 ThreadPoolExecutor-0_0 index_proxy jackett :: [INFO] Filtering movie based on index details...
2023-02-28 20:18:35,990 ThreadPoolExecutor-0_0 filter_movies filter_size :: [INFO] Index size '80214' (MB) is within minimum size threshold '30000' (MB)
2023-02-28 20:18:35,990 ThreadPoolExecutor-0_0 filter_movies filter_size :: [INFO] Index size '80214' (MB) is within maximum size threshold '170000' (MB)
2023-02-28 20:18:35,990 ThreadPoolExecutor-0_0 filter_movies filter_bad_index_title :: [DEBUG] Index title for bad keyword comparison is 'back to the future part ii 1989 proper 2160p bluray remux hevc dts-hd ma truehd 7 1 atmos-fgt'
2023-02-28 20:18:35,990 ThreadPoolExecutor-0_0 filter_movies filter_bad_index_title :: [INFO] Index title 'back to the future part ii 1989 proper 2160p bluray remux hevc dts-hd ma truehd 7 1 atmos-fgt' does NOT contain bad title keyword(s) '['3d', 'cam', 'hdcam', 'camrip', 'iptv', 'hqcam', 'hdts', 'hdtc', 'hc', 'ts', 'telesync', 'screener', 'mostbet', 'xxx', 'subbed', 'german', 'foreign', 'danish', 'french', 'spanish', 'dutch', 'portuguese', 'portugues', 'ger', 'fre', 'ita', 'spa', 'lpcm', 'hindi', 'nlsubs', 'xvid', 'divx', 'japanese', 'ads included', 'multi']'
2023-02-28 20:18:35,990 ThreadPoolExecutor-0_0 filter_movies filter_bad_movie_title :: [INFO] Index title 'backtothefuturepartii (1989)' NOT found in bad movie list
2023-02-28 20:18:35,991 ThreadPoolExecutor-0_0 filter_movies filter_seeders :: [INFO] Index seeders '51' equal to/above minimum seeders threshold '1'
2023-02-28 20:18:35,991 ThreadPoolExecutor-0_0 filter_movies filter_downloaded :: [DEBUG] Index title compare is 'backtothefuturepartii'
2023-02-28 20:18:35,991 ThreadPoolExecutor-0_0 filter_movies filter_downloaded :: [DEBUG] Index year compare is '1989'
2023-02-28 20:18:35,999 ThreadPoolExecutor-0_0 filter_movies filter_downloaded :: [WARNING] Index title 'Back.to.the.Future.Part.II.1989.PROPER.2160p.BluRay.REMUX.HEVC.DTS-HD.MA.TrueHD.7.1.Atmos-FGT' already exists in library directory 'Back to the Future Part II (1989)', skipping movie
2023-02-28 20:18:35,999 ThreadPoolExecutor-0_0 filter_movies filter_index_movies :: [DEBUG] Index title 'Back.to.the.Future.Part.II.1989.PROPER.2160p.BluRay.REMUX.HEVC.DTS-HD.MA.TrueHD.7.1.Atmos-FGT' failed filter 'filter_downloaded'
2023-02-28 20:18:35,999 ThreadPoolExecutor-0_0 index_proxy jackett :: [INFO] Starting processing index title 'Back.to.the.Future.1985.PROPER.2160p.BluRay.REMUX.HEVC.DTS-HD.MA.TrueHD.7.1.Atmos-FGT'...
2023-02-28 20:18:35,999 ThreadPoolExecutor-0_0 tools_various get_title_and_year_from_index_title :: [INFO] Index title is 'Back.to.the.Future.1985.PROPER.2160p.BluRay.REMUX.HEVC.DTS-HD.MA.TrueHD.7.1.Atmos-FGT'
2023-02-28 20:18:35,999 ThreadPoolExecutor-0_0 tools_various get_title_and_year_from_index_title :: [INFO] Index title compare is 'backtothefuture'
2023-02-28 20:18:35,999 ThreadPoolExecutor-0_0 tools_various get_title_and_year_from_index_title :: [INFO] Index title search is 'Back to the Future'
2023-02-28 20:18:36,000 ThreadPoolExecutor-0_0 tools_various get_title_and_year_from_index_title :: [INFO] Index year compare is '1985'
2023-02-28 20:18:36,000 ThreadPoolExecutor-0_0 index_proxy jackett :: [INFO] Filtering movie based on index details...
2023-02-28 20:18:36,000 ThreadPoolExecutor-0_0 filter_movies filter_size :: [INFO] Index size '80647' (MB) is within minimum size threshold '30000' (MB)
2023-02-28 20:18:36,000 ThreadPoolExecutor-0_0 filter_movies filter_size :: [INFO] Index size '80647' (MB) is within maximum size threshold '170000' (MB)
2023-02-28 20:18:36,000 ThreadPoolExecutor-0_0 filter_movies filter_bad_index_title :: [DEBUG] Index title for bad keyword comparison is 'back to the future 1985 proper 2160p bluray remux hevc dts-hd ma truehd 7 1 atmos-fgt'
2023-02-28 20:18:36,000 ThreadPoolExecutor-0_0 filter_movies filter_bad_index_title :: [INFO] Index title 'back to the future 1985 proper 2160p bluray remux hevc dts-hd ma truehd 7 1 atmos-fgt' does NOT contain bad title keyword(s) '['3d', 'cam', 'hdcam', 'camrip', 'iptv', 'hqcam', 'hdts', 'hdtc', 'hc', 'ts', 'telesync', 'screener', 'mostbet', 'xxx', 'subbed', 'german', 'foreign', 'danish', 'french', 'spanish', 'dutch', 'portuguese', 'portugues', 'ger', 'fre', 'ita', 'spa', 'lpcm', 'hindi', 'nlsubs', 'xvid', 'divx', 'japanese', 'ads included', 'multi']'
2023-02-28 20:18:36,021 ThreadPoolExecutor-0_0 filter_movies filter_bad_movie_title :: [INFO] Index title 'backtothefuture (1985)' NOT found in bad movie list
2023-02-28 20:18:36,021 ThreadPoolExecutor-0_0 filter_movies filter_seeders :: [INFO] Index seeders '59' equal to/above minimum seeders threshold '1'
2023-02-28 20:18:36,021 ThreadPoolExecutor-0_0 filter_movies filter_downloaded :: [DEBUG] Index title compare is 'backtothefuture'
2023-02-28 20:18:36,021 ThreadPoolExecutor-0_0 filter_movies filter_downloaded :: [DEBUG] Index year compare is '1985'
2023-02-28 20:18:36,023 ThreadPoolExecutor-0_0 filter_movies filter_downloaded :: [WARNING] Index title 'Back.to.the.Future.1985.PROPER.2160p.BluRay.REMUX.HEVC.DTS-HD.MA.TrueHD.7.1.Atmos-FGT' already exists in library file 'Back.to.the.Future.1985.1080p.BluRay.DTS-HD.x264-BARC0DE.mkv', skipping movie
2023-02-28 20:18:36,024 ThreadPoolExecutor-0_0 filter_movies filter_index_movies :: [DEBUG] Index title 'Back.to.the.Future.1985.PROPER.2160p.BluRay.REMUX.HEVC.DTS-HD.MA.TrueHD.7.1.Atmos-FGT' failed filter 'filter_downloaded'
2023-02-28 20:18:36,024 ThreadPoolExecutor-0_0 index_proxy jackett :: [INFO] Starting processing index title 'Alien.Covenant.2017.PROPER.2160p.BluRay.REMUX.HEVC.DTS-HD.MA.TrueHD.7.1.Atmos-FGT'...
2023-02-28 20:18:36,024 ThreadPoolExecutor-0_0 tools_various get_title_and_year_from_index_title :: [INFO] Index title is 'Alien.Covenant.2017.PROPER.2160p.BluRay.REMUX.HEVC.DTS-HD.MA.TrueHD.7.1.Atmos-FGT'
2023-02-28 20:18:36,024 ThreadPoolExecutor-0_0 tools_various get_title_and_year_from_index_title :: [INFO] Index title compare is 'aliencovenant'
2023-02-28 20:18:36,024 ThreadPoolExecutor-0_0 tools_various get_title_and_year_from_index_title :: [INFO] Index title search is 'Alien Covenant'
2023-02-28 20:18:36,024 ThreadPoolExecutor-0_0 tools_various get_title_and_year_from_index_title :: [INFO] Index year compare is '2017'
2023-02-28 20:18:36,024 ThreadPoolExecutor-0_0 index_proxy jackett :: [INFO] Filtering movie based on index details...
2023-02-28 20:18:36,025 ThreadPoolExecutor-0_0 filter_movies filter_size :: [INFO] Index size '45866' (MB) is within minimum size threshold '30000' (MB)
2023-02-28 20:18:36,025 ThreadPoolExecutor-0_0 filter_movies filter_size :: [INFO] Index size '45866' (MB) is within maximum size threshold '170000' (MB)
2023-02-28 20:18:36,025 ThreadPoolExecutor-0_0 filter_movies filter_bad_index_title :: [DEBUG] Index title for bad keyword comparison is 'alien covenant 2017 proper 2160p bluray remux hevc dts-hd ma truehd 7 1 atmos-fgt'
2023-02-28 20:18:36,025 ThreadPoolExecutor-0_0 filter_movies filter_bad_index_title :: [INFO] Index title 'alien covenant 2017 proper 2160p bluray remux hevc dts-hd ma truehd 7 1 atmos-fgt' does NOT contain bad title keyword(s) '['3d', 'cam', 'hdcam', 'camrip', 'iptv', 'hqcam', 'hdts', 'hdtc', 'hc', 'ts', 'telesync', 'screener', 'mostbet', 'xxx', 'subbed', 'german', 'foreign', 'danish', 'french', 'spanish', 'dutch', 'portuguese', 'portugues', 'ger', 'fre', 'ita', 'spa', 'lpcm', 'hindi', 'nlsubs', 'xvid', 'divx', 'japanese', 'ads included', 'multi']'
2023-02-28 20:18:36,043 ThreadPoolExecutor-0_0 filter_movies filter_bad_movie_title :: [INFO] Index title 'aliencovenant (2017)' NOT found in bad movie list
2023-02-28 20:18:36,043 ThreadPoolExecutor-0_0 filter_movies filter_seeders :: [INFO] Index seeders '46' equal to/above minimum seeders threshold '1'
2023-02-28 20:18:36,043 ThreadPoolExecutor-0_0 filter_movies filter_downloaded :: [DEBUG] Index title compare is 'aliencovenant'
2023-02-28 20:18:36,043 ThreadPoolExecutor-0_0 filter_movies filter_downloaded :: [DEBUG] Index year compare is '2017'
2023-02-28 20:18:36,047 ThreadPoolExecutor-0_0 filter_movies filter_downloaded :: [WARNING] Index title 'Alien.Covenant.2017.PROPER.2160p.BluRay.REMUX.HEVC.DTS-HD.MA.TrueHD.7.1.Atmos-FGT' already exists in library file 'Alien.Covenant.2017.1080p.BluRay.x264-SPARKS.mkv', skipping movie
2023-02-28 20:18:36,047 ThreadPoolExecutor-0_0 filter_movies filter_index_movies :: [DEBUG] Index title 'Alien.Covenant.2017.PROPER.2160p.BluRay.REMUX.HEVC.DTS-HD.MA.TrueHD.7.1.Atmos-FGT' failed filter 'filter_downloaded'
2023-02-28 20:18:36,048 ThreadPoolExecutor-0_0 index_proxy jackett :: [INFO] Starting processing index title 'Underworld.Blood.Wars.2016.PROPER.2160p.BluRay.REMUX.HEVC.DTS-HD.MA.TrueHD.7.1.Atmos-FGT'...
2023-02-28 20:18:36,048 ThreadPoolExecutor-0_0 tools_various get_title_and_year_from_index_title :: [INFO] Index title is 'Underworld.Blood.Wars.2016.PROPER.2160p.BluRay.REMUX.HEVC.DTS-HD.MA.TrueHD.7.1.Atmos-FGT'
2023-02-28 20:18:36,048 ThreadPoolExecutor-0_0 tools_various get_title_and_year_from_index_title :: [INFO] Index title compare is 'underworldbloodwars'
2023-02-28 20:18:36,048 ThreadPoolExecutor-0_0 tools_various get_title_and_year_from_index_title :: [INFO] Index title search is 'Underworld Blood Wars'
2023-02-28 20:18:36,048 ThreadPoolExecutor-0_0 tools_various get_title_and_year_from_index_title :: [INFO] Index year compare is '2016'
2023-02-28 20:18:36,048 ThreadPoolExecutor-0_0 index_proxy jackett :: [INFO] Filtering movie based on index details...
2023-02-28 20:18:36,048 ThreadPoolExecutor-0_0 filter_movies filter_size :: [INFO] Index size '45333' (MB) is within minimum size threshold '30000' (MB)
2023-02-28 20:18:36,048 ThreadPoolExecutor-0_0 filter_movies filter_size :: [INFO] Index size '45333' (MB) is within maximum size threshold '170000' (MB)
2023-02-28 20:18:36,048 ThreadPoolExecutor-0_0 filter_movies filter_bad_index_title :: [DEBUG] Index title for bad keyword comparison is 'underworld blood wars 2016 proper 2160p bluray remux hevc dts-hd ma truehd 7 1 atmos-fgt'
2023-02-28 20:18:36,049 ThreadPoolExecutor-0_0 filter_movies filter_bad_index_title :: [INFO] Index title 'underworld blood wars 2016 proper 2160p bluray remux hevc dts-hd ma truehd 7 1 atmos-fgt' does NOT contain bad title keyword(s) '['3d', 'cam', 'hdcam', 'camrip', 'iptv', 'hqcam', 'hdts', 'hdtc', 'hc', 'ts', 'telesync', 'screener', 'mostbet', 'xxx', 'subbed', 'german', 'foreign', 'danish', 'french', 'spanish', 'dutch', 'portuguese', 'portugues', 'ger', 'fre', 'ita', 'spa', 'lpcm', 'hindi', 'nlsubs', 'xvid', 'divx', 'japanese', 'ads included', 'multi']'
2023-02-28 20:18:36,049 ThreadPoolExecutor-0_0 filter_movies filter_bad_movie_title :: [INFO] Index title 'underworldbloodwars (2016)' NOT found in bad movie list
2023-02-28 20:18:36,049 ThreadPoolExecutor-0_0 filter_movies filter_seeders :: [INFO] Index seeders '31' equal to/above minimum seeders threshold '1'
2023-02-28 20:18:36,049 ThreadPoolExecutor-0_0 filter_movies filter_downloaded :: [DEBUG] Index title compare is 'underworldbloodwars'
2023-02-28 20:18:36,049 ThreadPoolExecutor-0_0 filter_movies filter_downloaded :: [DEBUG] Index year compare is '2016'
2023-02-28 20:18:36,067 ThreadPoolExecutor-0_0 filter_movies filter_downloaded :: [DEBUG] Index title 'Underworld.Blood.Wars.2016.PROPER.2160p.BluRay.REMUX.HEVC.DTS-HD.MA.TrueHD.7.1.Atmos-FGT' not found in library '/media', continue processing...
2023-02-28 20:18:36,068 ThreadPoolExecutor-0_0 filter_movies filter_index_movies :: [DEBUG] Index title 'Underworld.Blood.Wars.2016.PROPER.2160p.BluRay.REMUX.HEVC.DTS-HD.MA.TrueHD.7.1.Atmos-FGT' passed index filters
2023-02-28 20:18:36,068 ThreadPoolExecutor-0_0 index_proxy jackett :: [INFO] Searching for IMDb ID..
2023-02-28 20:18:36,718 ThreadPoolExecutor-0_0 search_imdb find_imdb_id_imdb :: [INFO] IMDb title is 'Underworld: Blood Wars'
2023-02-28 20:18:36,718 ThreadPoolExecutor-0_0 search_imdb find_imdb_id_imdb :: [DEBUG] IMDb title compare 'underworldbloodwars' matches index title compare 'underworldbloodwars'
2023-02-28 20:18:36,718 ThreadPoolExecutor-0_0 search_imdb find_imdb_id_imdb :: [INFO] IMDb year is '2016'
2023-02-28 20:18:36,718 ThreadPoolExecutor-0_0 search_imdb find_imdb_id_imdb :: [DEBUG] IMDb year compare '2016' equals index year compare '2016'
2023-02-28 20:18:36,718 ThreadPoolExecutor-0_0 search_imdb find_imdb_id_imdb :: [INFO] IMDb id is 'tt3717252'
2023-02-28 20:18:36,718 ThreadPoolExecutor-0_0 search_imdb find_imdb_id_imdb :: [INFO] IMDb ID URL is 'https://www.imdb.com/title/tt3717252/'
2023-02-28 20:18:36,720 ThreadPoolExecutor-0_0 index_proxy jackett :: [INFO] Getting movie details from IMDb...
2023-02-28 20:18:36,720 ThreadPoolExecutor-0_0 imdb_imdbpie imdb_json_api :: [INFO] Getting title attributes for movie with IMDb ID 'tt3717252'...
2023-02-28 20:18:38,980 ThreadPoolExecutor-0_0 index_proxy jackett :: [INFO] Filtering movie based on IMDb details...
2023-02-28 20:18:38,981 ThreadPoolExecutor-0_0 filter_movies filter_bitrate :: [INFO] Index bitrate '498' (MB/min) equal to/above minimum bitrate threshold '415' (MB/min)
2023-02-28 20:18:38,981 ThreadPoolExecutor-0_0 filter_movies filter_rating :: [WARNING] IMDb rating '5.7' below threshold '7.0'
2023-02-28 20:18:38,981 ThreadPoolExecutor-0_0 filter_movies filter_imdb_movies :: [DEBUG] Index title 'Underworld.Blood.Wars.2016.PROPER.2160p.BluRay.REMUX.HEVC.DTS-HD.MA.TrueHD.7.1.Atmos-FGT' failed filter 'filter_rating'
2023-02-28 20:18:38,981 ThreadPoolExecutor-0_0 index_proxy jackett :: [INFO] Starting processing index title 'Alien.1979.THEATRICAL.PROPER.2160p.BluRay.REMUX.HEVC.DTS-HD.MA.5.1-FGT'...
2023-02-28 20:18:38,981 ThreadPoolExecutor-0_0 tools_various get_title_and_year_from_index_title :: [INFO] Index title is 'Alien.1979.THEATRICAL.PROPER.2160p.BluRay.REMUX.HEVC.DTS-HD.MA.5.1-FGT'
2023-02-28 20:18:38,981 ThreadPoolExecutor-0_0 tools_various get_title_and_year_from_index_title :: [INFO] Index title compare is 'alien'
2023-02-28 20:18:38,981 ThreadPoolExecutor-0_0 tools_various get_title_and_year_from_index_title :: [INFO] Index title search is 'Alien'
2023-02-28 20:18:38,982 ThreadPoolExecutor-0_0 tools_various get_title_and_year_from_index_title :: [INFO] Index year compare is '1979'
2023-02-28 20:18:38,982 ThreadPoolExecutor-0_0 index_proxy jackett :: [INFO] Filtering movie based on index details...
2023-02-28 20:18:38,982 ThreadPoolExecutor-0_0 filter_movies filter_size :: [INFO] Index size '56647' (MB) is within minimum size threshold '30000' (MB)
2023-02-28 20:18:38,982 ThreadPoolExecutor-0_0 filter_movies filter_size :: [INFO] Index size '56647' (MB) is within maximum size threshold '170000' (MB)
2023-02-28 20:18:38,982 ThreadPoolExecutor-0_0 filter_movies filter_bad_index_title :: [DEBUG] Index title for bad keyword comparison is 'alien 1979 theatrical proper 2160p bluray remux hevc dts-hd ma 5 1-fgt'
2023-02-28 20:18:38,982 ThreadPoolExecutor-0_0 filter_movies filter_bad_index_title :: [INFO] Index title 'alien 1979 theatrical proper 2160p bluray remux hevc dts-hd ma 5 1-fgt' does NOT contain bad title keyword(s) '['3d', 'cam', 'hdcam', 'camrip', 'iptv', 'hqcam', 'hdts', 'hdtc', 'hc', 'ts', 'telesync', 'screener', 'mostbet', 'xxx', 'subbed', 'german', 'foreign', 'danish', 'french', 'spanish', 'dutch', 'portuguese', 'portugues', 'ger', 'fre', 'ita', 'spa', 'lpcm', 'hindi', 'nlsubs', 'xvid', 'divx', 'japanese', 'ads included', 'multi']'
2023-02-28 20:18:38,983 ThreadPoolExecutor-0_0 filter_movies filter_bad_movie_title :: [INFO] Index title 'alien (1979)' NOT found in bad movie list
2023-02-28 20:18:38,983 ThreadPoolExecutor-0_0 filter_movies filter_seeders :: [INFO] Index seeders '43' equal to/above minimum seeders threshold '1'
2023-02-28 20:18:38,983 ThreadPoolExecutor-0_0 filter_movies filter_downloaded :: [DEBUG] Index title compare is 'alien'
2023-02-28 20:18:38,983 ThreadPoolExecutor-0_0 filter_movies filter_downloaded :: [DEBUG] Index year compare is '1979'
2023-02-28 20:18:38,989 ThreadPoolExecutor-0_0 filter_movies filter_downloaded :: [WARNING] Index title 'Alien.1979.THEATRICAL.PROPER.2160p.BluRay.REMUX.HEVC.DTS-HD.MA.5.1-FGT' already exists in library file 'Alien.1979.1080p.DC.BluRay.DTS-HD.x264-BARC0DE.mkv', skipping movie
2023-02-28 20:18:38,989 ThreadPoolExecutor-0_0 filter_movies filter_index_movies :: [DEBUG] Index title 'Alien.1979.THEATRICAL.PROPER.2160p.BluRay.REMUX.HEVC.DTS-HD.MA.5.1-FGT' failed filter 'filter_downloaded'
2023-02-28 20:18:38,989 ThreadPoolExecutor-0_0 index_proxy jackett :: [INFO] Starting processing index title 'Alien.1979.DC.PROPER.2160p.BluRay.REMUX.HEVC.DTS-HD.MA.5.1-FGT'...
2023-02-28 20:18:38,989 ThreadPoolExecutor-0_0 tools_various get_title_and_year_from_index_title :: [INFO] Index title is 'Alien.1979.DC.PROPER.2160p.BluRay.REMUX.HEVC.DTS-HD.MA.5.1-FGT'
2023-02-28 20:18:38,990 ThreadPoolExecutor-0_0 tools_various get_title_and_year_from_index_title :: [INFO] Index title compare is 'alien'
2023-02-28 20:18:38,990 ThreadPoolExecutor-0_0 tools_various get_title_and_year_from_index_title :: [INFO] Index title search is 'Alien'
2023-02-28 20:18:38,990 ThreadPoolExecutor-0_0 tools_various get_title_and_year_from_index_title :: [INFO] Index year compare is '1979'
2023-02-28 20:18:38,990 ThreadPoolExecutor-0_0 index_proxy jackett :: [INFO] Filtering movie based on index details...
2023-02-28 20:18:38,990 ThreadPoolExecutor-0_0 filter_movies filter_size :: [INFO] Index size '52517' (MB) is within minimum size threshold '30000' (MB)
2023-02-28 20:18:38,990 ThreadPoolExecutor-0_0 filter_movies filter_size :: [INFO] Index size '52517' (MB) is within maximum size threshold '170000' (MB)
2023-02-28 20:18:38,990 ThreadPoolExecutor-0_0 filter_movies filter_bad_index_title :: [DEBUG] Index title for bad keyword comparison is 'alien 1979 dc proper 2160p bluray remux hevc dts-hd ma 5 1-fgt'
2023-02-28 20:18:38,990 ThreadPoolExecutor-0_0 filter_movies filter_bad_index_title :: [INFO] Index title 'alien 1979 dc proper 2160p bluray remux hevc dts-hd ma 5 1-fgt' does NOT contain bad title keyword(s) '['3d', 'cam', 'hdcam', 'camrip', 'iptv', 'hqcam', 'hdts', 'hdtc', 'hc', 'ts', 'telesync', 'screener', 'mostbet', 'xxx', 'subbed', 'german', 'foreign', 'danish', 'french', 'spanish', 'dutch', 'portuguese', 'portugues', 'ger', 'fre', 'ita', 'spa', 'lpcm', 'hindi', 'nlsubs', 'xvid', 'divx', 'japanese', 'ads included', 'multi']'
2023-02-28 20:18:38,991 ThreadPoolExecutor-0_0 filter_movies filter_bad_movie_title :: [INFO] Index title 'alien (1979)' NOT found in bad movie list
2023-02-28 20:18:38,991 ThreadPoolExecutor-0_0 filter_movies filter_seeders :: [INFO] Index seeders '28' equal to/above minimum seeders threshold '1'
2023-02-28 20:18:38,991 ThreadPoolExecutor-0_0 filter_movies filter_downloaded :: [DEBUG] Index title compare is 'alien'
2023-02-28 20:18:38,991 ThreadPoolExecutor-0_0 filter_movies filter_downloaded :: [DEBUG] Index year compare is '1979'
2023-02-28 20:18:38,997 ThreadPoolExecutor-0_0 filter_movies filter_downloaded :: [WARNING] Index title 'Alien.1979.DC.PROPER.2160p.BluRay.REMUX.HEVC.DTS-HD.MA.5.1-FGT' already exists in library file 'Alien.1979.1080p.DC.BluRay.DTS-HD.x264-BARC0DE.mkv', skipping movie
2023-02-28 20:18:38,997 ThreadPoolExecutor-0_0 filter_movies filter_index_movies :: [DEBUG] Index title 'Alien.1979.DC.PROPER.2160p.BluRay.REMUX.HEVC.DTS-HD.MA.5.1-FGT' failed filter 'filter_downloaded'
2023-02-28 20:18:38,997 ThreadPoolExecutor-0_0 index_proxy jackett :: [INFO] Starting processing index title 'Dazed.and.Confused.1993.2160p.BluRay.REMUX.HEVC.DTS-HD.MA.5.1-FGT'...
2023-02-28 20:18:38,997 ThreadPoolExecutor-0_0 tools_various get_title_and_year_from_index_title :: [INFO] Index title is 'Dazed.and.Confused.1993.2160p.BluRay.REMUX.HEVC.DTS-HD.MA.5.1-FGT'
2023-02-28 20:18:38,997 ThreadPoolExecutor-0_0 tools_various get_title_and_year_from_index_title :: [INFO] Index title compare is 'dazedandconfused'
2023-02-28 20:18:38,998 ThreadPoolExecutor-0_0 tools_various get_title_and_year_from_index_title :: [INFO] Index title search is 'Dazed and Confused'
2023-02-28 20:18:38,998 ThreadPoolExecutor-0_0 tools_various get_title_and_year_from_index_title :: [INFO] Index year compare is '1993'
2023-02-28 20:18:38,998 ThreadPoolExecutor-0_0 index_proxy jackett :: [INFO] Filtering movie based on index details...
2023-02-28 20:18:38,998 ThreadPoolExecutor-0_0 filter_movies filter_size :: [INFO] Index size '59555' (MB) is within minimum size threshold '30000' (MB)
2023-02-28 20:18:38,998 ThreadPoolExecutor-0_0 filter_movies filter_size :: [INFO] Index size '59555' (MB) is within maximum size threshold '170000' (MB)
2023-02-28 20:18:38,998 ThreadPoolExecutor-0_0 filter_movies filter_bad_index_title :: [DEBUG] Index title for bad keyword comparison is 'dazed and confused 1993 2160p bluray remux hevc dts-hd ma 5 1-fgt'
2023-02-28 20:18:38,998 ThreadPoolExecutor-0_0 filter_movies filter_bad_index_title :: [INFO] Index title 'dazed and confused 1993 2160p bluray remux hevc dts-hd ma 5 1-fgt' does NOT contain bad title keyword(s) '['3d', 'cam', 'hdcam', 'camrip', 'iptv', 'hqcam', 'hdts', 'hdtc', 'hc', 'ts', 'telesync', 'screener', 'mostbet', 'xxx', 'subbed', 'german', 'foreign', 'danish', 'french', 'spanish', 'dutch', 'portuguese', 'portugues', 'ger', 'fre', 'ita', 'spa', 'lpcm', 'hindi', 'nlsubs', 'xvid', 'divx', 'japanese', 'ads included', 'multi']'
2023-02-28 20:18:38,999 ThreadPoolExecutor-0_0 filter_movies filter_bad_movie_title :: [INFO] Index title 'dazedandconfused (1993)' NOT found in bad movie list
2023-02-28 20:18:38,999 ThreadPoolExecutor-0_0 filter_movies filter_seeders :: [INFO] Index seeders '34' equal to/above minimum seeders threshold '1'
2023-02-28 20:18:38,999 ThreadPoolExecutor-0_0 filter_movies filter_downloaded :: [DEBUG] Index title compare is 'dazedandconfused'
2023-02-28 20:18:38,999 ThreadPoolExecutor-0_0 filter_movies filter_downloaded :: [DEBUG] Index year compare is '1993'
2023-02-28 20:18:39,000 ThreadPoolExecutor-0_0 filter_movies filter_downloaded :: [WARNING] Index title 'Dazed.and.Confused.1993.2160p.BluRay.REMUX.HEVC.DTS-HD.MA.5.1-FGT' already exists in library file 'Dazed.and.Confused.1993.1080p.Criterion.Bluray.DTS.x264-GCJM.mkv', skipping movie
2023-02-28 20:18:39,000 ThreadPoolExecutor-0_0 filter_movies filter_index_movies :: [DEBUG] Index title 'Dazed.and.Confused.1993.2160p.BluRay.REMUX.HEVC.DTS-HD.MA.5.1-FGT' failed filter 'filter_downloaded'
2023-02-28 20:18:39,000 ThreadPoolExecutor-0_0 index_proxy jackett :: [INFO] Starting processing index title 'The.Magnificent.Seven.1960.2160p.BluRay.REMUX.HEVC.DTS-HD.MA.5.1-FGT'...
2023-02-28 20:18:39,000 ThreadPoolExecutor-0_0 tools_various get_title_and_year_from_index_title :: [INFO] Index title is 'The.Magnificent.Seven.1960.2160p.BluRay.REMUX.HEVC.DTS-HD.MA.5.1-FGT'
2023-02-28 20:18:39,000 ThreadPoolExecutor-0_0 tools_various get_title_and_year_from_index_title :: [INFO] Index title compare is 'themagnificentseven'
2023-02-28 20:18:39,001 ThreadPoolExecutor-0_0 tools_various get_title_and_year_from_index_title :: [INFO] Index title search is 'The Magnificent Seven'
2023-02-28 20:18:39,001 ThreadPoolExecutor-0_0 tools_various get_title_and_year_from_index_title :: [INFO] Index year compare is '1960'
2023-02-28 20:18:39,001 ThreadPoolExecutor-0_0 index_proxy jackett :: [INFO] Filtering movie based on index details...
2023-02-28 20:18:39,001 ThreadPoolExecutor-0_0 filter_movies filter_size :: [INFO] Index size '89482' (MB) is within minimum size threshold '30000' (MB)
2023-02-28 20:18:39,001 ThreadPoolExecutor-0_0 filter_movies filter_size :: [INFO] Index size '89482' (MB) is within maximum size threshold '170000' (MB)
2023-02-28 20:18:39,001 ThreadPoolExecutor-0_0 filter_movies filter_bad_index_title :: [DEBUG] Index title for bad keyword comparison is 'the magnificent seven 1960 2160p bluray remux hevc dts-hd ma 5 1-fgt'
2023-02-28 20:18:39,001 ThreadPoolExecutor-0_0 filter_movies filter_bad_index_title :: [INFO] Index title 'the magnificent seven 1960 2160p bluray remux hevc dts-hd ma 5 1-fgt' does NOT contain bad title keyword(s) '['3d', 'cam', 'hdcam', 'camrip', 'iptv', 'hqcam', 'hdts', 'hdtc', 'hc', 'ts', 'telesync', 'screener', 'mostbet', 'xxx', 'subbed', 'german', 'foreign', 'danish', 'french', 'spanish', 'dutch', 'portuguese', 'portugues', 'ger', 'fre', 'ita', 'spa', 'lpcm', 'hindi', 'nlsubs', 'xvid', 'divx', 'japanese', 'ads included', 'multi']'
2023-02-28 20:18:39,001 ThreadPoolExecutor-0_0 filter_movies filter_bad_movie_title :: [INFO] Index title 'themagnificentseven (1960)' NOT found in bad movie list
2023-02-28 20:18:39,001 ThreadPoolExecutor-0_0 filter_movies filter_seeders :: [INFO] Index seeders '30' equal to/above minimum seeders threshold '1'
2023-02-28 20:18:39,001 ThreadPoolExecutor-0_0 filter_movies filter_downloaded :: [DEBUG] Index title compare is 'themagnificentseven'
2023-02-28 20:18:39,001 ThreadPoolExecutor-0_0 filter_movies filter_downloaded :: [DEBUG] Index year compare is '1960'
2023-02-28 20:18:39,002 ThreadPoolExecutor-0_0 filter_movies filter_downloaded :: [WARNING] Index title 'The.Magnificent.Seven.1960.2160p.BluRay.REMUX.HEVC.DTS-HD.MA.5.1-FGT' already exists in library file 'The.Magnificent.Seven.1960.Bluray.1080p.DTS-HD.x264-Grym.mkv', skipping movie
2023-02-28 20:18:39,002 ThreadPoolExecutor-0_0 filter_movies filter_index_movies :: [DEBUG] Index title 'The.Magnificent.Seven.1960.2160p.BluRay.REMUX.HEVC.DTS-HD.MA.5.1-FGT' failed filter 'filter_downloaded'
2023-02-28 20:18:39,002 ThreadPoolExecutor-0_0 index_proxy jackett :: [INFO] Starting processing index title 'The.Remains.of.the.Day.1993.2160p.BluRay.REMUX.HEVC.DTS-HD.MA.TrueHD.7.1.Atmos-FGT'...
2023-02-28 20:18:39,002 ThreadPoolExecutor-0_0 tools_various get_title_and_year_from_index_title :: [INFO] Index title is 'The.Remains.of.the.Day.1993.2160p.BluRay.REMUX.HEVC.DTS-HD.MA.TrueHD.7.1.Atmos-FGT'
2023-02-28 20:18:39,003 ThreadPoolExecutor-0_0 tools_various get_title_and_year_from_index_title :: [INFO] Index title compare is 'theremainsoftheday'
2023-02-28 20:18:39,003 ThreadPoolExecutor-0_0 tools_various get_title_and_year_from_index_title :: [INFO] Index title search is 'The Remains of the Day'
2023-02-28 20:18:39,003 ThreadPoolExecutor-0_0 tools_various get_title_and_year_from_index_title :: [INFO] Index year compare is '1993'
2023-02-28 20:18:39,003 ThreadPoolExecutor-0_0 index_proxy jackett :: [INFO] Filtering movie based on index details...
2023-02-28 20:18:39,003 ThreadPoolExecutor-0_0 filter_movies filter_size :: [INFO] Index size '75710' (MB) is within minimum size threshold '30000' (MB)
2023-02-28 20:18:39,003 ThreadPoolExecutor-0_0 filter_movies filter_size :: [INFO] Index size '75710' (MB) is within maximum size threshold '170000' (MB)
2023-02-28 20:18:39,003 ThreadPoolExecutor-0_0 filter_movies filter_bad_index_title :: [DEBUG] Index title for bad keyword comparison is 'the remains of the day 1993 2160p bluray remux hevc dts-hd ma truehd 7 1 atmos-fgt'
2023-02-28 20:18:39,003 ThreadPoolExecutor-0_0 filter_movies filter_bad_index_title :: [INFO] Index title 'the remains of the day 1993 2160p bluray remux hevc dts-hd ma truehd 7 1 atmos-fgt' does NOT contain bad title keyword(s) '['3d', 'cam', 'hdcam', 'camrip', 'iptv', 'hqcam', 'hdts', 'hdtc', 'hc', 'ts', 'telesync', 'screener', 'mostbet', 'xxx', 'subbed', 'german', 'foreign', 'danish', 'french', 'spanish', 'dutch', 'portuguese', 'portugues', 'ger', 'fre', 'ita', 'spa', 'lpcm', 'hindi', 'nlsubs', 'xvid', 'divx', 'japanese', 'ads included', 'multi']'
2023-02-28 20:18:39,003 ThreadPoolExecutor-0_0 filter_movies filter_bad_movie_title :: [INFO] Index title 'theremainsoftheday (1993)' NOT found in bad movie list
2023-02-28 20:18:39,003 ThreadPoolExecutor-0_0 filter_movies filter_seeders :: [INFO] Index seeders '26' equal to/above minimum seeders threshold '1'
2023-02-28 20:18:39,004 ThreadPoolExecutor-0_0 filter_movies filter_downloaded :: [DEBUG] Index title compare is 'theremainsoftheday'
2023-02-28 20:18:39,004 ThreadPoolExecutor-0_0 filter_movies filter_downloaded :: [DEBUG] Index year compare is '1993'
2023-02-28 20:18:39,013 ThreadPoolExecutor-0_0 filter_movies filter_downloaded :: [WARNING] Index title 'The.Remains.of.the.Day.1993.2160p.BluRay.REMUX.HEVC.DTS-HD.MA.TrueHD.7.1.Atmos-FGT' already exists in library file 'The.Remains.of.the.Day.1993.1080p.BluRay.X264-AMIABLE.mkv', skipping movie
2023-02-28 20:18:39,013 ThreadPoolExecutor-0_0 filter_movies filter_index_movies :: [DEBUG] Index title 'The.Remains.of.the.Day.1993.2160p.BluRay.REMUX.HEVC.DTS-HD.MA.TrueHD.7.1.Atmos-FGT' failed filter 'filter_downloaded'
2023-02-28 20:18:39,013 ThreadPoolExecutor-0_0 index_proxy jackett :: [INFO] Starting processing index title 'The.Last.Emperor.1987.2160p.BluRay.REMUX.HEVC.DTS-HD.MA.5.1-FGT'...
2023-02-28 20:18:39,013 ThreadPoolExecutor-0_0 tools_various get_title_and_year_from_index_title :: [INFO] Index title is 'The.Last.Emperor.1987.2160p.BluRay.REMUX.HEVC.DTS-HD.MA.5.1-FGT'
2023-02-28 20:18:39,014 ThreadPoolExecutor-0_0 tools_various get_title_and_year_from_index_title :: [INFO] Index title compare is 'thelastemperor'
2023-02-28 20:18:39,014 ThreadPoolExecutor-0_0 tools_various get_title_and_year_from_index_title :: [INFO] Index title search is 'The Last Emperor'
2023-02-28 20:18:39,014 ThreadPoolExecutor-0_0 tools_various get_title_and_year_from_index_title :: [INFO] Index year compare is '1987'
2023-02-28 20:18:39,014 ThreadPoolExecutor-0_0 index_proxy jackett :: [INFO] Filtering movie based on index details...
2023-02-28 20:18:39,014 ThreadPoolExecutor-0_0 filter_movies filter_size :: [INFO] Index size '87498' (MB) is within minimum size threshold '30000' (MB)
2023-02-28 20:18:39,014 ThreadPoolExecutor-0_0 filter_movies filter_size :: [INFO] Index size '87498' (MB) is within maximum size threshold '170000' (MB)
2023-02-28 20:18:39,014 ThreadPoolExecutor-0_0 filter_movies filter_bad_index_title :: [DEBUG] Index title for bad keyword comparison is 'the last emperor 1987 2160p bluray remux hevc dts-hd ma 5 1-fgt'
2023-02-28 20:18:39,014 ThreadPoolExecutor-0_0 filter_movies filter_bad_index_title :: [INFO] Index title 'the last emperor 1987 2160p bluray remux hevc dts-hd ma 5 1-fgt' does NOT contain bad title keyword(s) '['3d', 'cam', 'hdcam', 'camrip', 'iptv', 'hqcam', 'hdts', 'hdtc', 'hc', 'ts', 'telesync', 'screener', 'mostbet', 'xxx', 'subbed', 'german', 'foreign', 'danish', 'french', 'spanish', 'dutch', 'portuguese', 'portugues', 'ger', 'fre', 'ita', 'spa', 'lpcm', 'hindi', 'nlsubs', 'xvid', 'divx', 'japanese', 'ads included', 'multi']'
2023-02-28 20:18:39,014 ThreadPoolExecutor-0_0 filter_movies filter_bad_movie_title :: [INFO] Index title 'thelastemperor (1987)' NOT found in bad movie list
2023-02-28 20:18:39,015 ThreadPoolExecutor-0_0 filter_movies filter_seeders :: [INFO] Index seeders '36' equal to/above minimum seeders threshold '1'
2023-02-28 20:18:39,015 ThreadPoolExecutor-0_0 filter_movies filter_downloaded :: [DEBUG] Index title compare is 'thelastemperor'
2023-02-28 20:18:39,015 ThreadPoolExecutor-0_0 filter_movies filter_downloaded :: [DEBUG] Index year compare is '1987'
2023-02-28 20:18:39,017 ThreadPoolExecutor-0_0 filter_movies filter_downloaded :: [WARNING] Index title 'The.Last.Emperor.1987.2160p.BluRay.REMUX.HEVC.DTS-HD.MA.5.1-FGT' already exists in library file 'The.Last.Emperor.1987.EXTENDED.BluRay.1080p.DTS.x264-CHD.mkv', skipping movie
2023-02-28 20:18:39,017 ThreadPoolExecutor-0_0 filter_movies filter_index_movies :: [DEBUG] Index title 'The.Last.Emperor.1987.2160p.BluRay.REMUX.HEVC.DTS-HD.MA.5.1-FGT' failed filter 'filter_downloaded'
2023-02-28 20:18:39,017 ThreadPoolExecutor-0_0 index_proxy jackett :: [INFO] Starting processing index title 'Crimes.of.the.Future.2022.2160p.US.BluRay.REMUX.HEVC.DTS-HD.MA.5.1-FGT'...
2023-02-28 20:18:39,017 ThreadPoolExecutor-0_0 tools_various get_title_and_year_from_index_title :: [INFO] Index title is 'Crimes.of.the.Future.2022.2160p.US.BluRay.REMUX.HEVC.DTS-HD.MA.5.1-FGT'
2023-02-28 20:18:39,017 ThreadPoolExecutor-0_0 tools_various get_title_and_year_from_index_title :: [INFO] Index title compare is 'crimesofthefuture'
2023-02-28 20:18:39,017 ThreadPoolExecutor-0_0 tools_various get_title_and_year_from_index_title :: [INFO] Index title search is 'Crimes of the Future'
2023-02-28 20:18:39,018 ThreadPoolExecutor-0_0 tools_various get_title_and_year_from_index_title :: [INFO] Index year compare is '2022'
2023-02-28 20:18:39,018 ThreadPoolExecutor-0_0 index_proxy jackett :: [INFO] Filtering movie based on index details...
2023-02-28 20:18:39,018 ThreadPoolExecutor-0_0 filter_movies filter_size :: [INFO] Index size '71974' (MB) is within minimum size threshold '30000' (MB)
2023-02-28 20:18:39,018 ThreadPoolExecutor-0_0 filter_movies filter_size :: [INFO] Index size '71974' (MB) is within maximum size threshold '170000' (MB)
2023-02-28 20:18:39,018 ThreadPoolExecutor-0_0 filter_movies filter_bad_index_title :: [DEBUG] Index title for bad keyword comparison is 'crimes of the future 2022 2160p us bluray remux hevc dts-hd ma 5 1-fgt'
2023-02-28 20:18:39,018 ThreadPoolExecutor-0_0 filter_movies filter_bad_index_title :: [INFO] Index title 'crimes of the future 2022 2160p us bluray remux hevc dts-hd ma 5 1-fgt' does NOT contain bad title keyword(s) '['3d', 'cam', 'hdcam', 'camrip', 'iptv', 'hqcam', 'hdts', 'hdtc', 'hc', 'ts', 'telesync', 'screener', 'mostbet', 'xxx', 'subbed', 'german', 'foreign', 'danish', 'french', 'spanish', 'dutch', 'portuguese', 'portugues', 'ger', 'fre', 'ita', 'spa', 'lpcm', 'hindi', 'nlsubs', 'xvid', 'divx', 'japanese', 'ads included', 'multi']'
2023-02-28 20:18:39,018 ThreadPoolExecutor-0_0 filter_movies filter_bad_movie_title :: [INFO] Index title 'crimesofthefuture (2022)' NOT found in bad movie list
2023-02-28 20:18:39,018 ThreadPoolExecutor-0_0 filter_movies filter_seeders :: [INFO] Index seeders '11' equal to/above minimum seeders threshold '1'
2023-02-28 20:18:39,019 ThreadPoolExecutor-0_0 filter_movies filter_downloaded :: [DEBUG] Index title compare is 'crimesofthefuture'
2023-02-28 20:18:39,019 ThreadPoolExecutor-0_0 filter_movies filter_downloaded :: [DEBUG] Index year compare is '2022'
2023-02-28 20:18:39,036 ThreadPoolExecutor-0_0 filter_movies filter_downloaded :: [DEBUG] Index title 'Crimes.of.the.Future.2022.2160p.US.BluRay.REMUX.HEVC.DTS-HD.MA.5.1-FGT' not found in library '/media', continue processing...
2023-02-28 20:18:39,036 ThreadPoolExecutor-0_0 filter_movies filter_index_movies :: [DEBUG] Index title 'Crimes.of.the.Future.2022.2160p.US.BluRay.REMUX.HEVC.DTS-HD.MA.5.1-FGT' passed index filters
2023-02-28 20:18:39,036 ThreadPoolExecutor-0_0 index_proxy jackett :: [INFO] Searching for IMDb ID..
2023-02-28 20:18:39,702 ThreadPoolExecutor-0_0 search_imdb find_imdb_id_imdb :: [INFO] IMDb title is 'Crimes of the Future'
2023-02-28 20:18:39,702 ThreadPoolExecutor-0_0 search_imdb find_imdb_id_imdb :: [DEBUG] IMDb title compare 'crimesofthefuture' matches index title compare 'crimesofthefuture'
2023-02-28 20:18:39,702 ThreadPoolExecutor-0_0 search_imdb find_imdb_id_imdb :: [INFO] IMDb year is '2022'
2023-02-28 20:18:39,702 ThreadPoolExecutor-0_0 search_imdb find_imdb_id_imdb :: [DEBUG] IMDb year compare '2022' equals index year compare '2022'
2023-02-28 20:18:39,702 ThreadPoolExecutor-0_0 search_imdb find_imdb_id_imdb :: [INFO] IMDb id is 'tt14549466'
2023-02-28 20:18:39,703 ThreadPoolExecutor-0_0 search_imdb find_imdb_id_imdb :: [INFO] IMDb ID URL is 'https://www.imdb.com/title/tt14549466/'
2023-02-28 20:18:39,704 ThreadPoolExecutor-0_0 index_proxy jackett :: [INFO] Getting movie details from IMDb...
2023-02-28 20:18:39,704 ThreadPoolExecutor-0_0 imdb_imdbpie imdb_json_api :: [INFO] Getting title attributes for movie with IMDb ID 'tt14549466'...
2023-02-28 20:18:41,390 ThreadPoolExecutor-0_0 index_proxy jackett :: [INFO] Filtering movie based on IMDb details...
2023-02-28 20:18:41,391 ThreadPoolExecutor-0_0 filter_movies filter_bitrate :: [INFO] Index bitrate '672' (MB/min) equal to/above minimum bitrate threshold '415' (MB/min)
2023-02-28 20:18:41,391 ThreadPoolExecutor-0_0 filter_movies filter_genre_rating :: [DEBUG] Genre 'sci-fi' matches IMDb genre 'sci-fi', setting minimum IMDb rating to '6.5'
2023-02-28 20:18:41,391 ThreadPoolExecutor-0_0 filter_movies filter_rating :: [WARNING] IMDb rating '5.9' below threshold '6.5'
2023-02-28 20:18:41,391 ThreadPoolExecutor-0_0 filter_movies filter_imdb_movies :: [DEBUG] Index title 'Crimes.of.the.Future.2022.2160p.US.BluRay.REMUX.HEVC.DTS-HD.MA.5.1-FGT' failed filter 'filter_rating'
2023-02-28 20:18:41,391 ThreadPoolExecutor-0_0 index_proxy jackett :: [INFO] Starting processing index title 'The.Fabelmans.2022.2160p.BluRay.REMUX.HEVC.DTS-HD.MA.TrueHD.7.1-FGT'...
2023-02-28 20:18:41,391 ThreadPoolExecutor-0_0 tools_various get_title_and_year_from_index_title :: [INFO] Index title is 'The.Fabelmans.2022.2160p.BluRay.REMUX.HEVC.DTS-HD.MA.TrueHD.7.1-FGT'
2023-02-28 20:18:41,391 ThreadPoolExecutor-0_0 tools_various get_title_and_year_from_index_title :: [INFO] Index title compare is 'thefabelmans'
2023-02-28 20:18:41,391 ThreadPoolExecutor-0_0 tools_various get_title_and_year_from_index_title :: [INFO] Index title search is 'The Fabelmans'
2023-02-28 20:18:41,391 ThreadPoolExecutor-0_0 tools_various get_title_and_year_from_index_title :: [INFO] Index year compare is '2022'
2023-02-28 20:18:41,391 ThreadPoolExecutor-0_0 index_proxy jackett :: [INFO] Filtering movie based on index details...
2023-02-28 20:18:41,392 ThreadPoolExecutor-0_0 filter_movies filter_size :: [INFO] Index size '81707' (MB) is within minimum size threshold '30000' (MB)
2023-02-28 20:18:41,392 ThreadPoolExecutor-0_0 filter_movies filter_size :: [INFO] Index size '81707' (MB) is within maximum size threshold '170000' (MB)
2023-02-28 20:18:41,392 ThreadPoolExecutor-0_0 filter_movies filter_bad_index_title :: [DEBUG] Index title for bad keyword comparison is 'the fabelmans 2022 2160p bluray remux hevc dts-hd ma truehd 7 1-fgt'
2023-02-28 20:18:41,392 ThreadPoolExecutor-0_0 filter_movies filter_bad_index_title :: [INFO] Index title 'the fabelmans 2022 2160p bluray remux hevc dts-hd ma truehd 7 1-fgt' does NOT contain bad title keyword(s) '['3d', 'cam', 'hdcam', 'camrip', 'iptv', 'hqcam', 'hdts', 'hdtc', 'hc', 'ts', 'telesync', 'screener', 'mostbet', 'xxx', 'subbed', 'german', 'foreign', 'danish', 'french', 'spanish', 'dutch', 'portuguese', 'portugues', 'ger', 'fre', 'ita', 'spa', 'lpcm', 'hindi', 'nlsubs', 'xvid', 'divx', 'japanese', 'ads included', 'multi']'
2023-02-28 20:18:41,392 ThreadPoolExecutor-0_0 filter_movies filter_bad_movie_title :: [INFO] Index title 'thefabelmans (2022)' NOT found in bad movie list
2023-02-28 20:18:41,392 ThreadPoolExecutor-0_0 filter_movies filter_seeders :: [INFO] Index seeders '47' equal to/above minimum seeders threshold '1'
2023-02-28 20:18:41,392 ThreadPoolExecutor-0_0 filter_movies filter_downloaded :: [DEBUG] Index title compare is 'thefabelmans'
2023-02-28 20:18:41,392 ThreadPoolExecutor-0_0 filter_movies filter_downloaded :: [DEBUG] Index year compare is '2022'
2023-02-28 20:18:41,393 ThreadPoolExecutor-0_0 filter_movies filter_downloaded :: [WARNING] Index title 'The.Fabelmans.2022.2160p.BluRay.REMUX.HEVC.DTS-HD.MA.TrueHD.7.1-FGT' already exists in library file 'The Fabelmans (2022) (1080p MA WEB-DL x265 Silence).mkv', skipping movie
2023-02-28 20:18:41,393 ThreadPoolExecutor-0_0 filter_movies filter_index_movies :: [DEBUG] Index title 'The.Fabelmans.2022.2160p.BluRay.REMUX.HEVC.DTS-HD.MA.TrueHD.7.1-FGT' failed filter 'filter_downloaded'
2023-02-28 20:18:41,393 ThreadPoolExecutor-0_0 index_proxy jackett :: [INFO] Starting processing index title 'Three.Colors.White.1994.FRENCH.2160p.US.BluRay.REMUX.HEVC.DTS-HD.MA.5.1-FGT'...
2023-02-28 20:18:41,393 ThreadPoolExecutor-0_0 tools_various get_title_and_year_from_index_title :: [INFO] Index title is 'Three.Colors.White.1994.FRENCH.2160p.US.BluRay.REMUX.HEVC.DTS-HD.MA.5.1-FGT'
2023-02-28 20:18:41,393 ThreadPoolExecutor-0_0 tools_various get_title_and_year_from_index_title :: [INFO] Index title compare is 'threecolorswhite'
2023-02-28 20:18:41,394 ThreadPoolExecutor-0_0 tools_various get_title_and_year_from_index_title :: [INFO] Index title search is 'Three Colors White'
2023-02-28 20:18:41,394 ThreadPoolExecutor-0_0 tools_various get_title_and_year_from_index_title :: [INFO] Index year compare is '1994'
2023-02-28 20:18:41,394 ThreadPoolExecutor-0_0 index_proxy jackett :: [INFO] Filtering movie based on index details...
2023-02-28 20:18:41,394 ThreadPoolExecutor-0_0 filter_movies filter_size :: [INFO] Index size '58793' (MB) is within minimum size threshold '30000' (MB)
2023-02-28 20:18:41,394 ThreadPoolExecutor-0_0 filter_movies filter_size :: [INFO] Index size '58793' (MB) is within maximum size threshold '170000' (MB)
2023-02-28 20:18:41,394 ThreadPoolExecutor-0_0 filter_movies filter_bad_index_title :: [DEBUG] Index title for bad keyword comparison is 'three colors white 1994 french 2160p us bluray remux hevc dts-hd ma 5 1-fgt'
2023-02-28 20:18:41,394 ThreadPoolExecutor-0_0 filter_movies filter_bad_index_title :: [WARNING] Index title 'three colors white 1994 french 2160p us bluray remux hevc dts-hd ma 5 1-fgt' contains bad title keyword 'french', skipping movie
2023-02-28 20:18:41,394 ThreadPoolExecutor-0_0 filter_movies filter_index_movies :: [DEBUG] Index title 'Three.Colors.White.1994.FRENCH.2160p.US.BluRay.REMUX.HEVC.DTS-HD.MA.5.1-FGT' failed filter 'filter_bad_index_title'
2023-02-28 20:18:41,394 ThreadPoolExecutor-0_0 index_proxy jackett :: [INFO] Starting processing index title 'Three.Colors.Red.1994.FRENCH.2160p.US.BluRay.REMUX.HEVC.DTS-HD.MA.5.1-FGT'...
2023-02-28 20:18:41,394 ThreadPoolExecutor-0_0 tools_various get_title_and_year_from_index_title :: [INFO] Index title is 'Three.Colors.Red.1994.FRENCH.2160p.US.BluRay.REMUX.HEVC.DTS-HD.MA.5.1-FGT'
2023-02-28 20:18:41,395 ThreadPoolExecutor-0_0 tools_various get_title_and_year_from_index_title :: [INFO] Index title compare is 'threecolorsred'
2023-02-28 20:18:41,395 ThreadPoolExecutor-0_0 tools_various get_title_and_year_from_index_title :: [INFO] Index title search is 'Three Colors Red'
2023-02-28 20:18:41,395 ThreadPoolExecutor-0_0 tools_various get_title_and_year_from_index_title :: [INFO] Index year compare is '1994'
2023-02-28 20:18:41,395 ThreadPoolExecutor-0_0 index_proxy jackett :: [INFO] Filtering movie based on index details...
2023-02-28 20:18:41,395 ThreadPoolExecutor-0_0 filter_movies filter_size :: [INFO] Index size '59254' (MB) is within minimum size threshold '30000' (MB)
2023-02-28 20:18:41,395 ThreadPoolExecutor-0_0 filter_movies filter_size :: [INFO] Index size '59254' (MB) is within maximum size threshold '170000' (MB)
2023-02-28 20:18:41,395 ThreadPoolExecutor-0_0 filter_movies filter_bad_index_title :: [DEBUG] Index title for bad keyword comparison is 'three colors red 1994 french 2160p us bluray remux hevc dts-hd ma 5 1-fgt'
2023-02-28 20:18:41,395 ThreadPoolExecutor-0_0 filter_movies filter_bad_index_title :: [WARNING] Index title 'three colors red 1994 french 2160p us bluray remux hevc dts-hd ma 5 1-fgt' contains bad title keyword 'french', skipping movie
2023-02-28 20:18:41,395 ThreadPoolExecutor-0_0 filter_movies filter_index_movies :: [DEBUG] Index title 'Three.Colors.Red.1994.FRENCH.2160p.US.BluRay.REMUX.HEVC.DTS-HD.MA.5.1-FGT' failed filter 'filter_bad_index_title'
2023-02-28 20:18:41,395 ThreadPoolExecutor-0_0 index_proxy jackett :: [INFO] Starting processing index title 'Three.Colors.Blue.1993.FRENCH.2160p.US.BluRay.REMUX.HEVC.DTS-HD.MA.5.1-FGT'...
2023-02-28 20:18:41,396 ThreadPoolExecutor-0_0 tools_various get_title_and_year_from_index_title :: [INFO] Index title is 'Three.Colors.Blue.1993.FRENCH.2160p.US.BluRay.REMUX.HEVC.DTS-HD.MA.5.1-FGT'
2023-02-28 20:18:41,396 ThreadPoolExecutor-0_0 tools_various get_title_and_year_from_index_title :: [INFO] Index title compare is 'threecolorsblue'
2023-02-28 20:18:41,396 ThreadPoolExecutor-0_0 tools_various get_title_and_year_from_index_title :: [INFO] Index title search is 'Three Colors Blue'
2023-02-28 20:18:41,396 ThreadPoolExecutor-0_0 tools_various get_title_and_year_from_index_title :: [INFO] Index year compare is '1993'
2023-02-28 20:18:41,396 ThreadPoolExecutor-0_0 index_proxy jackett :: [INFO] Filtering movie based on index details...
2023-02-28 20:18:41,396 ThreadPoolExecutor-0_0 filter_movies filter_size :: [INFO] Index size '58166' (MB) is within minimum size threshold '30000' (MB)
2023-02-28 20:18:41,396 ThreadPoolExecutor-0_0 filter_movies filter_size :: [INFO] Index size '58166' (MB) is within maximum size threshold '170000' (MB)
2023-02-28 20:18:41,396 ThreadPoolExecutor-0_0 filter_movies filter_bad_index_title :: [DEBUG] Index title for bad keyword comparison is 'three colors blue 1993 french 2160p us bluray remux hevc dts-hd ma 5 1-fgt'
2023-02-28 20:18:41,396 ThreadPoolExecutor-0_0 filter_movies filter_bad_index_title :: [WARNING] Index title 'three colors blue 1993 french 2160p us bluray remux hevc dts-hd ma 5 1-fgt' contains bad title keyword 'french', skipping movie
2023-02-28 20:18:41,396 ThreadPoolExecutor-0_0 filter_movies filter_index_movies :: [DEBUG] Index title 'Three.Colors.Blue.1993.FRENCH.2160p.US.BluRay.REMUX.HEVC.DTS-HD.MA.5.1-FGT' failed filter 'filter_bad_index_title'
2023-02-28 20:18:41,397 ThreadPoolExecutor-0_0 index_proxy jackett :: [INFO] Starting processing index title 'The.Return.of.Swamp.Thing.1989.2160p.BluRay.REMUX.HEVC.DTS-HD.MA.5.1-FGT'...
2023-02-28 20:18:41,397 ThreadPoolExecutor-0_0 tools_various get_title_and_year_from_index_title :: [INFO] Index title is 'The.Return.of.Swamp.Thing.1989.2160p.BluRay.REMUX.HEVC.DTS-HD.MA.5.1-FGT'
2023-02-28 20:18:41,397 ThreadPoolExecutor-0_0 tools_various get_title_and_year_from_index_title :: [INFO] Index title compare is 'thereturnofswampthing'
2023-02-28 20:18:41,397 ThreadPoolExecutor-0_0 tools_various get_title_and_year_from_index_title :: [INFO] Index title search is 'The Return of Swamp Thing'
2023-02-28 20:18:41,397 ThreadPoolExecutor-0_0 tools_various get_title_and_year_from_index_title :: [INFO] Index year compare is '1989'
2023-02-28 20:18:41,397 ThreadPoolExecutor-0_0 index_proxy jackett :: [INFO] Filtering movie based on index details...
2023-02-28 20:18:41,397 ThreadPoolExecutor-0_0 filter_movies filter_size :: [INFO] Index size '54510' (MB) is within minimum size threshold '30000' (MB)
2023-02-28 20:18:41,397 ThreadPoolExecutor-0_0 filter_movies filter_size :: [INFO] Index size '54510' (MB) is within maximum size threshold '170000' (MB)
2023-02-28 20:18:41,397 ThreadPoolExecutor-0_0 filter_movies filter_bad_index_title :: [DEBUG] Index title for bad keyword comparison is 'the return of swamp thing 1989 2160p bluray remux hevc dts-hd ma 5 1-fgt'
2023-02-28 20:18:41,397 ThreadPoolExecutor-0_0 filter_movies filter_bad_index_title :: [INFO] Index title 'the return of swamp thing 1989 2160p bluray remux hevc dts-hd ma 5 1-fgt' does NOT contain bad title keyword(s) '['3d', 'cam', 'hdcam', 'camrip', 'iptv', 'hqcam', 'hdts', 'hdtc', 'hc', 'ts', 'telesync', 'screener', 'mostbet', 'xxx', 'subbed', 'german', 'foreign', 'danish', 'french', 'spanish', 'dutch', 'portuguese', 'portugues', 'ger', 'fre', 'ita', 'spa', 'lpcm', 'hindi', 'nlsubs', 'xvid', 'divx', 'japanese', 'ads included', 'multi']'
2023-02-28 20:18:41,398 ThreadPoolExecutor-0_0 filter_movies filter_bad_movie_title :: [INFO] Index title 'thereturnofswampthing (1989)' NOT found in bad movie list
2023-02-28 20:18:41,398 ThreadPoolExecutor-0_0 filter_movies filter_seeders :: [INFO] Index seeders '6' equal to/above minimum seeders threshold '1'
2023-02-28 20:18:41,398 ThreadPoolExecutor-0_0 filter_movies filter_downloaded :: [DEBUG] Index title compare is 'thereturnofswampthing'
2023-02-28 20:18:41,398 ThreadPoolExecutor-0_0 filter_movies filter_downloaded :: [DEBUG] Index year compare is '1989'
2023-02-28 20:18:41,414 ThreadPoolExecutor-0_0 filter_movies filter_downloaded :: [DEBUG] Index title 'The.Return.of.Swamp.Thing.1989.2160p.BluRay.REMUX.HEVC.DTS-HD.MA.5.1-FGT' not found in library '/media', continue processing...
2023-02-28 20:18:41,414 ThreadPoolExecutor-0_0 filter_movies filter_index_movies :: [DEBUG] Index title 'The.Return.of.Swamp.Thing.1989.2160p.BluRay.REMUX.HEVC.DTS-HD.MA.5.1-FGT' passed index filters
2023-02-28 20:18:41,414 ThreadPoolExecutor-0_0 index_proxy jackett :: [INFO] Searching for IMDb ID..
2023-02-28 20:18:42,030 ThreadPoolExecutor-0_0 search_imdb find_imdb_id_imdb :: [INFO] IMDb title is 'The Return of Swamp Thing'
2023-02-28 20:18:42,030 ThreadPoolExecutor-0_0 search_imdb find_imdb_id_imdb :: [DEBUG] IMDb title compare 'thereturnofswampthing' matches index title compare 'thereturnofswampthing'
2023-02-28 20:18:42,031 ThreadPoolExecutor-0_0 search_imdb find_imdb_id_imdb :: [INFO] IMDb year is '1989'
2023-02-28 20:18:42,031 ThreadPoolExecutor-0_0 search_imdb find_imdb_id_imdb :: [DEBUG] IMDb year compare '1989' equals index year compare '1989'
2023-02-28 20:18:42,031 ThreadPoolExecutor-0_0 search_imdb find_imdb_id_imdb :: [INFO] IMDb id is 'tt0098193'
2023-02-28 20:18:42,031 ThreadPoolExecutor-0_0 search_imdb find_imdb_id_imdb :: [INFO] IMDb ID URL is 'https://www.imdb.com/title/tt0098193/'
2023-02-28 20:18:42,032 ThreadPoolExecutor-0_0 index_proxy jackett :: [INFO] Getting movie details from IMDb...
2023-02-28 20:18:42,032 ThreadPoolExecutor-0_0 imdb_imdbpie imdb_json_api :: [INFO] Getting title attributes for movie with IMDb ID 'tt0098193'...
2023-02-28 20:18:43,462 ThreadPoolExecutor-0_0 index_proxy jackett :: [INFO] Filtering movie based on IMDb details...
2023-02-28 20:18:43,462 ThreadPoolExecutor-0_0 filter_movies filter_bitrate :: [INFO] Index bitrate '612' (MB/min) equal to/above minimum bitrate threshold '415' (MB/min)
2023-02-28 20:18:43,463 ThreadPoolExecutor-0_0 filter_movies filter_genre_rating :: [DEBUG] Genre 'sci-fi' matches IMDb genre 'sci-fi', setting minimum IMDb rating to '6.5'
2023-02-28 20:18:43,463 ThreadPoolExecutor-0_0 filter_movies filter_rating :: [WARNING] IMDb rating '4.6' below threshold '6.5'
2023-02-28 20:18:43,463 ThreadPoolExecutor-0_0 filter_movies filter_imdb_movies :: [DEBUG] Index title 'The.Return.of.Swamp.Thing.1989.2160p.BluRay.REMUX.HEVC.DTS-HD.MA.5.1-FGT' failed filter 'filter_rating'
2023-02-28 20:18:43,463 ThreadPoolExecutor-0_0 index_proxy jackett :: [INFO] Starting processing index title 'Legion.of.Super-Heroes.2022.2160p.BluRay.REMUX.HEVC.DTS-HD.MA.5.1-FGT'...
2023-02-28 20:18:43,463 ThreadPoolExecutor-0_0 tools_various get_title_and_year_from_index_title :: [INFO] Index title is 'Legion.of.Super-Heroes.2022.2160p.BluRay.REMUX.HEVC.DTS-HD.MA.5.1-FGT'
2023-02-28 20:18:43,463 ThreadPoolExecutor-0_0 tools_various get_title_and_year_from_index_title :: [INFO] Index title compare is 'legionofsuperheroes'
2023-02-28 20:18:43,463 ThreadPoolExecutor-0_0 tools_various get_title_and_year_from_index_title :: [INFO] Index title search is 'Legion of Super-Heroes'
2023-02-28 20:18:43,463 ThreadPoolExecutor-0_0 tools_various get_title_and_year_from_index_title :: [INFO] Index year compare is '2022'
2023-02-28 20:18:43,464 ThreadPoolExecutor-0_0 index_proxy jackett :: [INFO] Filtering movie based on index details...
2023-02-28 20:18:43,464 ThreadPoolExecutor-0_0 filter_movies filter_size :: [INFO] Index size '33753' (MB) is within minimum size threshold '30000' (MB)
2023-02-28 20:18:43,464 ThreadPoolExecutor-0_0 filter_movies filter_size :: [INFO] Index size '33753' (MB) is within maximum size threshold '170000' (MB)
2023-02-28 20:18:43,464 ThreadPoolExecutor-0_0 filter_movies filter_bad_index_title :: [DEBUG] Index title for bad keyword comparison is 'legion of super-heroes 2022 2160p bluray remux hevc dts-hd ma 5 1-fgt'
2023-02-28 20:18:43,464 ThreadPoolExecutor-0_0 filter_movies filter_bad_index_title :: [INFO] Index title 'legion of super-heroes 2022 2160p bluray remux hevc dts-hd ma 5 1-fgt' does NOT contain bad title keyword(s) '['3d', 'cam', 'hdcam', 'camrip', 'iptv', 'hqcam', 'hdts', 'hdtc', 'hc', 'ts', 'telesync', 'screener', 'mostbet', 'xxx', 'subbed', 'german', 'foreign', 'danish', 'french', 'spanish', 'dutch', 'portuguese', 'portugues', 'ger', 'fre', 'ita', 'spa', 'lpcm', 'hindi', 'nlsubs', 'xvid', 'divx', 'japanese', 'ads included', 'multi']'
2023-02-28 20:18:43,464 ThreadPoolExecutor-0_0 filter_movies filter_bad_movie_title :: [INFO] Index title 'legionofsuperheroes (2022)' NOT found in bad movie list
2023-02-28 20:18:43,464 ThreadPoolExecutor-0_0 filter_movies filter_seeders :: [INFO] Index seeders '15' equal to/above minimum seeders threshold '1'
2023-02-28 20:18:43,464 ThreadPoolExecutor-0_0 filter_movies filter_downloaded :: [DEBUG] Index title compare is 'legionofsuperheroes'
2023-02-28 20:18:43,464 ThreadPoolExecutor-0_0 filter_movies filter_downloaded :: [DEBUG] Index year compare is '2022'
2023-02-28 20:18:43,481 ThreadPoolExecutor-0_0 filter_movies filter_downloaded :: [DEBUG] Index title 'Legion.of.Super-Heroes.2022.2160p.BluRay.REMUX.HEVC.DTS-HD.MA.5.1-FGT' not found in library '/media', continue processing...
2023-02-28 20:18:43,481 ThreadPoolExecutor-0_0 filter_movies filter_index_movies :: [DEBUG] Index title 'Legion.of.Super-Heroes.2022.2160p.BluRay.REMUX.HEVC.DTS-HD.MA.5.1-FGT' passed index filters
2023-02-28 20:18:43,481 ThreadPoolExecutor-0_0 index_proxy jackett :: [INFO] Searching for IMDb ID..
2023-02-28 20:18:43,899 ThreadPoolExecutor-0_0 search_imdb find_imdb_id_imdb :: [INFO] IMDb title is 'Legion of Super-Heroes'
2023-02-28 20:18:43,899 ThreadPoolExecutor-0_0 search_imdb find_imdb_id_imdb :: [DEBUG] IMDb title compare 'legionofsuperheroes' matches index title compare 'legionofsuperheroes'
2023-02-28 20:18:43,899 ThreadPoolExecutor-0_0 search_imdb find_imdb_id_imdb :: [INFO] IMDb year is '2023'
2023-02-28 20:18:43,899 ThreadPoolExecutor-0_0 search_imdb find_imdb_id_imdb :: [DEBUG] IMDb year compare '2023' does not equal index year compare '2022'
2023-02-28 20:18:43,899 ThreadPoolExecutor-0_0 search_imdb find_imdb_id_imdb :: [INFO] IMDb title is 'Legion of Super Heroes'
2023-02-28 20:18:43,899 ThreadPoolExecutor-0_0 search_imdb find_imdb_id_imdb :: [DEBUG] IMDb title compare 'legionofsuperheroes' matches index title compare 'legionofsuperheroes'
2023-02-28 20:18:43,900 ThreadPoolExecutor-0_0 search_imdb find_imdb_id_imdb :: [INFO] IMDb year is '2006'
2023-02-28 20:18:43,900 ThreadPoolExecutor-0_0 search_imdb find_imdb_id_imdb :: [DEBUG] IMDb year compare '2006' does not equal index year compare '2022'
2023-02-28 20:18:43,900 ThreadPoolExecutor-0_0 search_imdb find_imdb_id_imdb :: [INFO] IMDb title is 'Lego DC Super Heroes: Justice League - Attack of the Legion of Doom!'
2023-02-28 20:18:43,900 ThreadPoolExecutor-0_0 search_imdb find_imdb_id_imdb :: [DEBUG] IMDb title compare 'legodcsuperheroesjusticeleagueattackofthelegionofdoom' not in index title compare 'legionofsuperheroes'
2023-02-28 20:18:43,900 ThreadPoolExecutor-0_0 search_imdb find_imdb_id_imdb :: [INFO] IMDb title is 'Perceptions of Superheroes'
2023-02-28 20:18:43,900 ThreadPoolExecutor-0_0 search_imdb find_imdb_id_imdb :: [DEBUG] IMDb title compare 'perceptionsofsuperheroes' not in index title compare 'legionofsuperheroes'
2023-02-28 20:18:43,901 ThreadPoolExecutor-0_0 search_all search :: [WARNING] Failed to identify ID from IMDb, switching to TMDb...
2023-02-28 20:18:43,902 ThreadPoolExecutor-0_0 search_tmdb find_imdb_id_tmdb :: [INFO] Find id URL is https://api.themoviedb.org/3/search/movie?query=Legion%20of%20Super-Heroes&year=2022&api_key=1d93addd6def495cec493845cd3b2788
2023-02-28 20:18:44,067 ThreadPoolExecutor-0_0 tools_downloader http_client :: [INFO] The status code 200 indicates a successful request for https://api.themoviedb.org/3/search/movie?query=Legion%20of%20Super-Heroes&year=2022&api_key=1d93addd6def495cec493845cd3b2788
2023-02-28 20:18:44,068 ThreadPoolExecutor-0_0 search_all search :: [WARNING] Failed to identify ID from TMDb, switching to OMDb...
2023-02-28 20:18:44,068 ThreadPoolExecutor-0_0 search_omdb find_imdb_id_omdb :: [INFO] Find id URL is http://www.omdbapi.com/?apikey=bc61f97e&t=Legion%20of%20Super-Heroes&y=2022
2023-02-28 20:18:44,237 ThreadPoolExecutor-0_0 tools_downloader http_client :: [INFO] The status code 200 indicates a successful request for http://www.omdbapi.com/?apikey=bc61f97e&t=Legion%20of%20Super-Heroes&y=2022
2023-02-28 20:18:44,237 ThreadPoolExecutor-0_0 search_omdb find_imdb_id_omdb :: [DEBUG] OMDb title compare 'legionofsuperheroes' matches index title compare 'legionofsuperheroes'
2023-02-28 20:18:44,237 ThreadPoolExecutor-0_0 search_omdb find_imdb_id_omdb :: [DEBUG] OMDb year compare '2022' equals index year compare '2022'
2023-02-28 20:18:44,238 ThreadPoolExecutor-0_0 search_omdb find_imdb_id_omdb :: [INFO] IMDb id is 'tt22769820'
2023-02-28 20:18:44,238 ThreadPoolExecutor-0_0 search_omdb find_imdb_id_omdb :: [INFO] IMDb ID URL is 'https://www.imdb.com/title/tt22769820/'
2023-02-28 20:18:44,238 ThreadPoolExecutor-0_0 index_proxy jackett :: [INFO] Getting movie details from IMDb...
2023-02-28 20:18:44,238 ThreadPoolExecutor-0_0 imdb_imdbpie imdb_json_api :: [INFO] Getting title attributes for movie with IMDb ID 'tt22769820'...
2023-02-28 20:18:45,748 ThreadPoolExecutor-0_0 imdb_imdbpie imdb_json_api :: [WARNING] Unable to identify IMDb summary
2023-02-28 20:18:45,751 ThreadPoolExecutor-0_0 index_proxy jackett :: [INFO] Filtering movie based on IMDb details...
2023-02-28 20:18:45,751 ThreadPoolExecutor-0_0 filter_movies filter_bitrate :: [WARNING] Index bitrate '406' (MB/min) below minimum bitrate threshold '415' (MB/min)
2023-02-28 20:18:45,751 ThreadPoolExecutor-0_0 filter_movies filter_imdb_movies :: [DEBUG] Index title 'Legion.of.Super-Heroes.2022.2160p.BluRay.REMUX.HEVC.DTS-HD.MA.5.1-FGT' failed filter 'filter_bitrate'
2023-02-28 20:18:45,751 ThreadPoolExecutor-0_0 index_proxy jackett :: [INFO] Starting processing index title 'Sidekicks.1992.2160p.BluRay.REMUX.HEVC.DTS-HD.MA.2.0-FGT'...
2023-02-28 20:18:45,752 ThreadPoolExecutor-0_0 tools_various get_title_and_year_from_index_title :: [INFO] Index title is 'Sidekicks.1992.2160p.BluRay.REMUX.HEVC.DTS-HD.MA.2.0-FGT'
2023-02-28 20:18:45,752 ThreadPoolExecutor-0_0 tools_various get_title_and_year_from_index_title :: [INFO] Index title compare is 'sidekicks'
2023-02-28 20:18:45,752 ThreadPoolExecutor-0_0 tools_various get_title_and_year_from_index_title :: [INFO] Index title search is 'Sidekicks'
2023-02-28 20:18:45,752 ThreadPoolExecutor-0_0 tools_various get_title_and_year_from_index_title :: [INFO] Index year compare is '1992'
2023-02-28 20:18:45,752 ThreadPoolExecutor-0_0 index_proxy jackett :: [INFO] Filtering movie based on index details...
2023-02-28 20:18:45,752 ThreadPoolExecutor-0_0 filter_movies filter_size :: [INFO] Index size '61639' (MB) is within minimum size threshold '30000' (MB)
2023-02-28 20:18:45,752 ThreadPoolExecutor-0_0 filter_movies filter_size :: [INFO] Index size '61639' (MB) is within maximum size threshold '170000' (MB)
2023-02-28 20:18:45,752 ThreadPoolExecutor-0_0 filter_movies filter_bad_index_title :: [DEBUG] Index title for bad keyword comparison is 'sidekicks 1992 2160p bluray remux hevc dts-hd ma 2 0-fgt'
2023-02-28 20:18:45,752 ThreadPoolExecutor-0_0 filter_movies filter_bad_index_title :: [INFO] Index title 'sidekicks 1992 2160p bluray remux hevc dts-hd ma 2 0-fgt' does NOT contain bad title keyword(s) '['3d', 'cam', 'hdcam', 'camrip', 'iptv', 'hqcam', 'hdts', 'hdtc', 'hc', 'ts', 'telesync', 'screener', 'mostbet', 'xxx', 'subbed', 'german', 'foreign', 'danish', 'french', 'spanish', 'dutch', 'portuguese', 'portugues', 'ger', 'fre', 'ita', 'spa', 'lpcm', 'hindi', 'nlsubs', 'xvid', 'divx', 'japanese', 'ads included', 'multi']'
2023-02-28 20:18:45,752 ThreadPoolExecutor-0_0 filter_movies filter_bad_movie_title :: [INFO] Index title 'sidekicks (1992)' NOT found in bad movie list
2023-02-28 20:18:45,753 ThreadPoolExecutor-0_0 filter_movies filter_seeders :: [INFO] Index seeders '9' equal to/above minimum seeders threshold '1'
2023-02-28 20:18:45,753 ThreadPoolExecutor-0_0 filter_movies filter_downloaded :: [DEBUG] Index title compare is 'sidekicks'
2023-02-28 20:18:45,753 ThreadPoolExecutor-0_0 filter_movies filter_downloaded :: [DEBUG] Index year compare is '1992'
2023-02-28 20:18:45,770 ThreadPoolExecutor-0_0 filter_movies filter_downloaded :: [DEBUG] Index title 'Sidekicks.1992.2160p.BluRay.REMUX.HEVC.DTS-HD.MA.2.0-FGT' not found in library '/media', continue processing...
2023-02-28 20:18:45,770 ThreadPoolExecutor-0_0 filter_movies filter_index_movies :: [DEBUG] Index title 'Sidekicks.1992.2160p.BluRay.REMUX.HEVC.DTS-HD.MA.2.0-FGT' passed index filters
2023-02-28 20:18:45,770 ThreadPoolExecutor-0_0 index_proxy jackett :: [INFO] Searching for IMDb ID..
2023-02-28 20:18:46,662 ThreadPoolExecutor-0_0 search_imdb find_imdb_id_imdb :: [INFO] IMDb title is 'Sidekicks'
2023-02-28 20:18:46,663 ThreadPoolExecutor-0_0 search_imdb find_imdb_id_imdb :: [DEBUG] IMDb title compare 'sidekicks' matches index title compare 'sidekicks'
2023-02-28 20:18:46,663 ThreadPoolExecutor-0_0 search_imdb find_imdb_id_imdb :: [INFO] IMDb year is '1992'
2023-02-28 20:18:46,663 ThreadPoolExecutor-0_0 search_imdb find_imdb_id_imdb :: [DEBUG] IMDb year compare '1992' equals index year compare '1992'
2023-02-28 20:18:46,663 ThreadPoolExecutor-0_0 search_imdb find_imdb_id_imdb :: [INFO] IMDb id is 'tt0105402'
2023-02-28 20:18:46,663 ThreadPoolExecutor-0_0 search_imdb find_imdb_id_imdb :: [INFO] IMDb ID URL is 'https://www.imdb.com/title/tt0105402/'
2023-02-28 20:18:46,664 ThreadPoolExecutor-0_0 index_proxy jackett :: [INFO] Getting movie details from IMDb...
2023-02-28 20:18:46,664 ThreadPoolExecutor-0_0 imdb_imdbpie imdb_json_api :: [INFO] Getting title attributes for movie with IMDb ID 'tt0105402'...
2023-02-28 20:18:48,132 ThreadPoolExecutor-0_0 index_proxy jackett :: [INFO] Filtering movie based on IMDb details...
2023-02-28 20:18:48,132 ThreadPoolExecutor-0_0 filter_movies filter_bitrate :: [INFO] Index bitrate '610' (MB/min) equal to/above minimum bitrate threshold '415' (MB/min)
2023-02-28 20:18:48,132 ThreadPoolExecutor-0_0 filter_movies filter_genre_rating :: [DEBUG] Genre 'comedy' matches IMDb genre 'comedy', setting minimum IMDb rating to '6.5'
2023-02-28 20:18:48,132 ThreadPoolExecutor-0_0 filter_movies filter_rating :: [WARNING] IMDb rating '5.1' below threshold '6.5'
2023-02-28 20:18:48,132 ThreadPoolExecutor-0_0 filter_movies filter_imdb_movies :: [DEBUG] Index title 'Sidekicks.1992.2160p.BluRay.REMUX.HEVC.DTS-HD.MA.2.0-FGT' failed filter 'filter_rating'
2023-02-28 20:18:48,133 ThreadPoolExecutor-0_0 index_proxy jackett :: [INFO] Starting processing index title 'Strange.World.2022.2160p.BluRay.REMUX.HEVC.DTS-HD.MA.TrueHD.7.1.Atmos-FGT'...
2023-02-28 20:18:48,133 ThreadPoolExecutor-0_0 tools_various get_title_and_year_from_index_title :: [INFO] Index title is 'Strange.World.2022.2160p.BluRay.REMUX.HEVC.DTS-HD.MA.TrueHD.7.1.Atmos-FGT'
2023-02-28 20:18:48,133 ThreadPoolExecutor-0_0 tools_various get_title_and_year_from_index_title :: [INFO] Index title compare is 'strangeworld'
2023-02-28 20:18:48,133 ThreadPoolExecutor-0_0 tools_various get_title_and_year_from_index_title :: [INFO] Index title search is 'Strange World'
2023-02-28 20:18:48,133 ThreadPoolExecutor-0_0 tools_various get_title_and_year_from_index_title :: [INFO] Index year compare is '2022'
2023-02-28 20:18:48,133 ThreadPoolExecutor-0_0 index_proxy jackett :: [INFO] Filtering movie based on index details...
2023-02-28 20:18:48,133 ThreadPoolExecutor-0_0 filter_movies filter_size :: [INFO] Index size '50638' (MB) is within minimum size threshold '30000' (MB)
2023-02-28 20:18:48,133 ThreadPoolExecutor-0_0 filter_movies filter_size :: [INFO] Index size '50638' (MB) is within maximum size threshold '170000' (MB)
2023-02-28 20:18:48,133 ThreadPoolExecutor-0_0 filter_movies filter_bad_index_title :: [DEBUG] Index title for bad keyword comparison is 'strange world 2022 2160p bluray remux hevc dts-hd ma truehd 7 1 atmos-fgt'
2023-02-28 20:18:48,134 ThreadPoolExecutor-0_0 filter_movies filter_bad_index_title :: [INFO] Index title 'strange world 2022 2160p bluray remux hevc dts-hd ma truehd 7 1 atmos-fgt' does NOT contain bad title keyword(s) '['3d', 'cam', 'hdcam', 'camrip', 'iptv', 'hqcam', 'hdts', 'hdtc', 'hc', 'ts', 'telesync', 'screener', 'mostbet', 'xxx', 'subbed', 'german', 'foreign', 'danish', 'french', 'spanish', 'dutch', 'portuguese', 'portugues', 'ger', 'fre', 'ita', 'spa', 'lpcm', 'hindi', 'nlsubs', 'xvid', 'divx', 'japanese', 'ads included', 'multi']'
2023-02-28 20:18:48,134 ThreadPoolExecutor-0_0 filter_movies filter_bad_movie_title :: [INFO] Index title 'strangeworld (2022)' NOT found in bad movie list
2023-02-28 20:18:48,134 ThreadPoolExecutor-0_0 filter_movies filter_seeders :: [INFO] Index seeders '34' equal to/above minimum seeders threshold '1'
2023-02-28 20:18:48,134 ThreadPoolExecutor-0_0 filter_movies filter_downloaded :: [DEBUG] Index title compare is 'strangeworld'
2023-02-28 20:18:48,134 ThreadPoolExecutor-0_0 filter_movies filter_downloaded :: [DEBUG] Index year compare is '2022'
2023-02-28 20:18:48,148 ThreadPoolExecutor-0_0 filter_movies filter_downloaded :: [WARNING] Index title 'Strange.World.2022.2160p.BluRay.REMUX.HEVC.DTS-HD.MA.TrueHD.7.1.Atmos-FGT' already exists in library file 'Strange.World.2022.1080p.BluRay.x264.TrueHD.7.1.Atmos-FGT.mkv', skipping movie
2023-02-28 20:18:48,148 ThreadPoolExecutor-0_0 filter_movies filter_index_movies :: [DEBUG] Index title 'Strange.World.2022.2160p.BluRay.REMUX.HEVC.DTS-HD.MA.TrueHD.7.1.Atmos-FGT' failed filter 'filter_downloaded'
2023-02-28 20:18:48,148 ThreadPoolExecutor-0_0 index_proxy jackett :: [INFO] Starting processing index title 'From.Beyond.1986.2160p.BluRay.REMUX.HEVC.DTS-HD.MA.5.1-FGT'...
2023-02-28 20:18:48,148 ThreadPoolExecutor-0_0 tools_various get_title_and_year_from_index_title :: [INFO] Index title is 'From.Beyond.1986.2160p.BluRay.REMUX.HEVC.DTS-HD.MA.5.1-FGT'
2023-02-28 20:18:48,148 ThreadPoolExecutor-0_0 tools_various get_title_and_year_from_index_title :: [INFO] Index title compare is 'frombeyond'
2023-02-28 20:18:48,148 ThreadPoolExecutor-0_0 tools_various get_title_and_year_from_index_title :: [INFO] Index title search is 'From Beyond'
2023-02-28 20:18:48,149 ThreadPoolExecutor-0_0 tools_various get_title_and_year_from_index_title :: [INFO] Index year compare is '1986'
2023-02-28 20:18:48,149 ThreadPoolExecutor-0_0 index_proxy jackett :: [INFO] Filtering movie based on index details...
2023-02-28 20:18:48,149 ThreadPoolExecutor-0_0 filter_movies filter_size :: [INFO] Index size '61717' (MB) is within minimum size threshold '30000' (MB)
2023-02-28 20:18:48,149 ThreadPoolExecutor-0_0 filter_movies filter_size :: [INFO] Index size '61717' (MB) is within maximum size threshold '170000' (MB)
2023-02-28 20:18:48,149 ThreadPoolExecutor-0_0 filter_movies filter_bad_index_title :: [DEBUG] Index title for bad keyword comparison is 'from beyond 1986 2160p bluray remux hevc dts-hd ma 5 1-fgt'
2023-02-28 20:18:48,150 ThreadPoolExecutor-0_0 filter_movies filter_bad_index_title :: [INFO] Index title 'from beyond 1986 2160p bluray remux hevc dts-hd ma 5 1-fgt' does NOT contain bad title keyword(s) '['3d', 'cam', 'hdcam', 'camrip', 'iptv', 'hqcam', 'hdts', 'hdtc', 'hc', 'ts', 'telesync', 'screener', 'mostbet', 'xxx', 'subbed', 'german', 'foreign', 'danish', 'french', 'spanish', 'dutch', 'portuguese', 'portugues', 'ger', 'fre', 'ita', 'spa', 'lpcm', 'hindi', 'nlsubs', 'xvid', 'divx', 'japanese', 'ads included', 'multi']'
2023-02-28 20:18:48,150 ThreadPoolExecutor-0_0 filter_movies filter_bad_movie_title :: [INFO] Index title 'frombeyond (1986)' NOT found in bad movie list
2023-02-28 20:18:48,150 ThreadPoolExecutor-0_0 filter_movies filter_seeders :: [INFO] Index seeders '10' equal to/above minimum seeders threshold '1'
2023-02-28 20:18:48,150 ThreadPoolExecutor-0_0 filter_movies filter_downloaded :: [DEBUG] Index title compare is 'frombeyond'
2023-02-28 20:18:48,150 ThreadPoolExecutor-0_0 filter_movies filter_downloaded :: [DEBUG] Index year compare is '1986'
2023-02-28 20:18:48,174 ThreadPoolExecutor-0_0 filter_movies filter_downloaded :: [DEBUG] Index title 'From.Beyond.1986.2160p.BluRay.REMUX.HEVC.DTS-HD.MA.5.1-FGT' not found in library '/media', continue processing...
2023-02-28 20:18:48,174 ThreadPoolExecutor-0_0 filter_movies filter_index_movies :: [DEBUG] Index title 'From.Beyond.1986.2160p.BluRay.REMUX.HEVC.DTS-HD.MA.5.1-FGT' passed index filters
2023-02-28 20:18:48,174 ThreadPoolExecutor-0_0 index_proxy jackett :: [INFO] Searching for IMDb ID..
2023-02-28 20:18:48,962 ThreadPoolExecutor-0_0 search_imdb find_imdb_id_imdb :: [INFO] IMDb title is 'From Beyond'
2023-02-28 20:18:48,962 ThreadPoolExecutor-0_0 search_imdb find_imdb_id_imdb :: [DEBUG] IMDb title compare 'frombeyond' matches index title compare 'frombeyond'
2023-02-28 20:18:48,962 ThreadPoolExecutor-0_0 search_imdb find_imdb_id_imdb :: [INFO] IMDb year is '1986'
2023-02-28 20:18:48,962 ThreadPoolExecutor-0_0 search_imdb find_imdb_id_imdb :: [DEBUG] IMDb year compare '1986' equals index year compare '1986'
2023-02-28 20:18:48,962 ThreadPoolExecutor-0_0 search_imdb find_imdb_id_imdb :: [INFO] IMDb id is 'tt0091083'
2023-02-28 20:18:48,963 ThreadPoolExecutor-0_0 search_imdb find_imdb_id_imdb :: [INFO] IMDb ID URL is 'https://www.imdb.com/title/tt0091083/'
2023-02-28 20:18:48,964 ThreadPoolExecutor-0_0 index_proxy jackett :: [INFO] Getting movie details from IMDb...
2023-02-28 20:18:48,964 ThreadPoolExecutor-0_0 imdb_imdbpie imdb_json_api :: [INFO] Getting title attributes for movie with IMDb ID 'tt0091083'...
2023-02-28 20:18:50,432 ThreadPoolExecutor-0_0 index_proxy jackett :: [INFO] Filtering movie based on IMDb details...
2023-02-28 20:18:50,432 ThreadPoolExecutor-0_0 filter_movies filter_bitrate :: [INFO] Index bitrate '726' (MB/min) equal to/above minimum bitrate threshold '415' (MB/min)
2023-02-28 20:18:50,432 ThreadPoolExecutor-0_0 filter_movies filter_genre_rating :: [DEBUG] Genre 'sci-fi' matches IMDb genre 'sci-fi', setting minimum IMDb rating to '6.5'
2023-02-28 20:18:50,432 ThreadPoolExecutor-0_0 filter_movies filter_rating :: [INFO] IMDb rating '6.6' equal to/above threshold '6.5'
2023-02-28 20:18:50,432 ThreadPoolExecutor-0_0 filter_movies filter_votes :: [INFO] IMDb votes '27567' equal to/above threshold '7500'
2023-02-28 20:18:50,432 ThreadPoolExecutor-0_0 filter_movies filter_year :: [INFO] Movie year '1986' equal to/above minimum year threshold '1960'
2023-02-28 20:18:50,433 ThreadPoolExecutor-0_0 filter_movies filter_runtime :: [INFO] Movie runtime '85' (mins) equal to/above minimum runtime threshold '60' (mins)
2023-02-28 20:18:50,433 ThreadPoolExecutor-0_0 filter_movies filter_good_language :: [INFO] IMDb language '['en']' is in good language list '['en']'
2023-02-28 20:18:50,433 ThreadPoolExecutor-0_0 filter_movies filter_imdb_movies :: [DEBUG] Index title 'From.Beyond.1986.2160p.BluRay.REMUX.HEVC.DTS-HD.MA.5.1-FGT' passed IMDb filters
2023-02-28 20:18:50,433 ThreadPoolExecutor-0_0 index_proxy jackett :: [DEBUG] woot
2023-02-28 20:18:50,433 ThreadPoolExecutor-0_0 index_proxy jackett :: [INFO] E-mail notification enabled, sending E-mail...
